[12:19:23] INFO: Conectando a https://aulavie.xtd.es/ (db=aulavie)...
[12:19:24] INFO: Conexión establecida. uid=2 db=aulavie
[12:19:24] INFO: Verificando idioma: es_ES
[12:19:24] INFO: Idioma es_ES activado.
[12:19:24] INFO: Verificando idioma: en_US
[12:19:25] INFO: Idioma en_US activado.
[12:19:25] INFO: Idiomas verificados.
[12:19:25] INFO: Configurando parámetro web.base.url = https://aulavie.xtd.es/
[12:19:26] INFO: Configurando parámetro mail.catchall.domain = xtd.es
[12:19:28] INFO: Configurando parámetro mail.catchall.alias = catchall
[12:19:29] INFO: Configurando parámetro mail.bounce.alias = bounce
[12:19:30] INFO: Parámetros del sistema aplicados.
[12:19:30] INFO: Verificando configuración de compañía...
[12:19:33] INFO: Compañía actualizada: Aulavie
[12:19:33] INFO: Verificando instalación de módulos: ['base', 'contacts', 'mail', 'account', 'website', 'crm', 'l10n_es', 'sale', 'purchase']
[12:19:33] INFO: Todos los módulos ya están instalados.
[12:19:33] INFO: Proceso de módulos finalizado.
[12:19:33] INFO: Procesando usuario: xtendoo
[12:19:35] INFO:   Usuario xtendoo actualizado.
[12:19:36] ERROR: Odoo Fault en res.groups.write: 1 - Traceback (most recent call last):
  File "/opt/odoo/custom/src/odoo/odoo/orm/models.py", line 4381, in write
    self._check_field_access(self._fields[field_name], 'write')
                             ~~~~~~~~~~~~^^^^^^^^^^^^
KeyError: 'users'

The above exception was the direct cause of the following exception:

Traceback (most recent call last):
  File "/opt/odoo/auto/addons/rpc/controllers/xmlrpc.py", line 162, in xmlrpc_2
    response = self._xmlrpc(service)
               ^^^^^^^^^^^^^^^^^^^^^
  File "/opt/odoo/auto/addons/rpc/controllers/xmlrpc.py", line 134, in _xmlrpc
    result = dispatch_rpc(service, method, params)
             ^^^^^^^^^^^^^^^^^^^^^^^^^^^^^^^^^^^^^
  File "/opt/odoo/custom/src/odoo/odoo/http.py", line 439, in dispatch_rpc
    return dispatch(method, params)
           ^^^^^^^^^^^^^^^^^^^^^^^^
  File "/opt/odoo/custom/src/odoo/odoo/service/model.py", line 129, in dispatch
    res = execute_cr(cr, uid, model, method_, args, kw)
          ^^^^^^^^^^^^^^^^^^^^^^^^^^^^^^^^^^^^^^^^^^^^^
  File "/opt/odoo/custom/src/odoo/odoo/service/model.py", line 146, in execute_cr
    result = retrying(partial(call_kw, recs, method, args, kw), env)
             ^^^^^^^^^^^^^^^^^^^^^^^^^^^^^^^^^^^^^^^^^^^^^^^^^^^^^^^
  File "/opt/odoo/custom/src/odoo/odoo/service/model.py", line 184, in retrying
    result = func()
             ^^^^^^
  File "/opt/odoo/custom/src/odoo/odoo/service/model.py", line 93, in call_kw
    result = method(recs, *args, **kwargs)
             ^^^^^^^^^^^^^^^^^^^^^^^^^^^^^
  File "/opt/odoo/auto/addons/mail/models/discuss/res_groups.py", line 10, in write
    res = super().write(vals)
          ^^^^^^^^^^^^^^^^^^^
  File "/opt/odoo/custom/src/odoo/odoo/addons/base/models/res_groups.py", line 191, in write
    res = super().write(vals)
          ^^^^^^^^^^^^^^^^^^^
  File "/opt/odoo/custom/src/odoo/odoo/orm/models.py", line 4383, in write
    raise ValueError(f"Invalid field {field_name!r} in {self._name!r}") from e
ValueError: Invalid field 'users' in 'res.groups'

Traceback (most recent call last):
  File "/home/xtendoo/Documentos/odoo/skills/odoo-provisioning/provision.py", line 512, in <module>
    main()
    ~~~~^^
  File "/home/xtendoo/Documentos/odoo/skills/odoo-provisioning/provision.py", line 492, in main
    ensure_user(models, db, uid, password, u)
    ~~~~~~~~~~~^^^^^^^^^^^^^^^^^^^^^^^^^^^^^^
  File "/home/xtendoo/Documentos/odoo/skills/odoo-provisioning/provision.py", line 414, in ensure_user
    model_exec(
    ~~~~~~~~~~^
        models,
        ^^^^^^^
    ...<6 lines>...
        {"users": [[4, target_uid]]},
        ^^^^^^^^^^^^^^^^^^^^^^^^^^^^^
    )
    ^
  File "/home/xtendoo/Documentos/odoo/skills/odoo-provisioning/provision.py", line 105, in model_exec
    raise e
  File "/home/xtendoo/Documentos/odoo/skills/odoo-provisioning/provision.py", line 89, in model_exec
    return models.execute_kw(db, uid, password, model, method, args, kwargs)
           ~~~~~~~~~~~~~~~~~^^^^^^^^^^^^^^^^^^^^^^^^^^^^^^^^^^^^^^^^^^^^^^^^
  File "/usr/lib/python3.13/xmlrpc/client.py", line 1096, in __call__
    return self.__send(self.__name, args)
           ~~~~~~~~~~~^^^^^^^^^^^^^^^^^^^
  File "/usr/lib/python3.13/xmlrpc/client.py", line 1435, in __request
    response = self.__transport.request(
        self.__host,
    ...<2 lines>...
        verbose=self.__verbose
        )
  File "/usr/lib/python3.13/xmlrpc/client.py", line 1140, in request
    return self.single_request(host, handler, request_body, verbose)
           ~~~~~~~~~~~~~~~~~~~^^^^^^^^^^^^^^^^^^^^^^^^^^^^^^^^^^^^^^
  File "/usr/lib/python3.13/xmlrpc/client.py", line 1156, in single_request
    return self.parse_response(resp)
           ~~~~~~~~~~~~~~~~~~~^^^^^^
  File "/usr/lib/python3.13/xmlrpc/client.py", line 1325, in parse_response
    return u.close()
           ~~~~~~~^^
  File "/usr/lib/python3.13/xmlrpc/client.py", line 642, in close
    raise Fault(**self._stack[0])
xmlrpc.client.Fault: <Fault 1: 'Traceback (most recent call last):\n  File "/opt/odoo/custom/src/odoo/odoo/orm/models.py", line 4381, in write\n    self._check_field_access(self._fields[field_name], \'write\')\n                             ~~~~~~~~~~~~^^^^^^^^^^^^\nKeyError: \'users\'\n\nThe above exception was the direct cause of the following exception:\n\nTraceback (most recent call last):\n  File "/opt/odoo/auto/addons/rpc/controllers/xmlrpc.py", line 162, in xmlrpc_2\n    response = self._xmlrpc(service)\n               ^^^^^^^^^^^^^^^^^^^^^\n  File "/opt/odoo/auto/addons/rpc/controllers/xmlrpc.py", line 134, in _xmlrpc\n    result = dispatch_rpc(service, method, params)\n             ^^^^^^^^^^^^^^^^^^^^^^^^^^^^^^^^^^^^^\n  File "/opt/odoo/custom/src/odoo/odoo/http.py", line 439, in dispatch_rpc\n    return dispatch(method, params)\n           ^^^^^^^^^^^^^^^^^^^^^^^^\n  File "/opt/odoo/custom/src/odoo/odoo/service/model.py", line 129, in dispatch\n    res = execute_cr(cr, uid, model, method_, args, kw)\n          ^^^^^^^^^^^^^^^^^^^^^^^^^^^^^^^^^^^^^^^^^^^^^\n  File "/opt/odoo/custom/src/odoo/odoo/service/model.py", line 146, in execute_cr\n    result = retrying(partial(call_kw, recs, method, args, kw), env)\n             ^^^^^^^^^^^^^^^^^^^^^^^^^^^^^^^^^^^^^^^^^^^^^^^^^^^^^^^\n  File "/opt/odoo/custom/src/odoo/odoo/service/model.py", line 184, in retrying\n    result = func()\n             ^^^^^^\n  File "/opt/odoo/custom/src/odoo/odoo/service/model.py", line 93, in call_kw\n    result = method(recs, *args, **kwargs)\n             ^^^^^^^^^^^^^^^^^^^^^^^^^^^^^\n  File "/opt/odoo/auto/addons/mail/models/discuss/res_groups.py", line 10, in write\n    res = super().write(vals)\n          ^^^^^^^^^^^^^^^^^^^\n  File "/opt/odoo/custom/src/odoo/odoo/addons/base/models/res_groups.py", line 191, in write\n    res = super().write(vals)\n          ^^^^^^^^^^^^^^^^^^^\n  File "/opt/odoo/custom/src/odoo/odoo/orm/models.py", line 4383, in write\n    raise ValueError(f"Invalid field {field_name!r} in {self._name!r}") from e\nValueError: Invalid field \'users\' in \'res.groups\'\n'>
